// Jest Snapshot v1, https://goo.gl/fbAQLP

exports[`RaidswapV3Factory #createPool gas 1`] = `4557092`;

exports[`RaidswapV3Factory factory bytecode size 1`] = `24535`;

exports[`RaidswapV3Factory pool bytecode size 1`] = `22142`;
